// Jest Snapshot v1, https://goo.gl/fbAQLP

exports[`RangeUsePlans renders correctly 1`] = `
ShallowWrapper {
  "length": 1,
  Symbol(enzyme.__root__): [Circular],
  Symbol(enzyme.__unrendered__): <RangeUsePlans
    rangeUsePlans={Array []}
    searchRangeUsePlans={[Function]}
/>,
  Symbol(enzyme.__renderer__): Object {
    "batchedUpdates": [Function],
    "getNode": [Function],
    "render": [Function],
    "simulateEvent": [Function],
    "unmount": [Function],
  },
  Symbol(enzyme.__node__): Object {
    "instance": null,
    "key": undefined,
    "nodeType": "host",
    "props": Object {
      "children": Array [
        <Header
          as="h1"
>
          Range Use Plans
</Header>,
        <div
          className="tenure-agreement__actions"
>
          <div
                    className="tenure-agreement__assign"
          >
                    <Modal
                              closeOnDimmerClick={true}
                              closeOnDocumentClick={false}
                              dimmer={true}
                              eventPool="Modal"
                              trigger={
                                        <Button
                                                  as="button"
                                                  primary={true}
                                        >
                                                  Assign Staffs
                                        </Button>
                              }
                    >
                              <ModalHeader>
                                        Select Assignee
                              </ModalHeader>
                              <ModalContent>
                                        <ModalDescription>
                                                  <Header>
                                                            Assign an officer to a tenure
                                                  </Header>
                                                  <p>
                                                            Lorem Ipsum is simply dummy text of the printing and typesetting industry. Lorem Ipsum has been the industry's standard dummy text ever since the 1500s, when an unknown printer took a galley of type and scrambled it to make a type specimen book. It has survived not only five centuries, but also the leap into electronic typesetting, remaining essentially unchanged. It was popularised in the 1960s with the release of Letraset sheets containing Lorem Ipsum passages, and more recently with desktop publishing software like Aldus PageMaker including versions of Lorem Ipsum.
                                                  </p>
                                        </ModalDescription>
                              </ModalContent>
                    </Modal>
          </div>
          <div
                    className="tenure-agreement__search"
          >
                    <RangeUsePlanSearch
                              handleSearchInput={[Function]}
                              label="Search Agreements:"
                              placeholder="Enter Search Terms..."
                    />
          </div>
</div>,
        <RangeUsePlanTable
          rangeUsePlans={Array []}
/>,
      ],
      "className": "tenure-agreement",
    },
    "ref": null,
    "rendered": Array [
      Object {
        "instance": null,
        "key": undefined,
        "nodeType": "function",
        "props": Object {
          "as": "h1",
          "children": "Range Use Plans",
        },
        "ref": null,
        "rendered": "Range Use Plans",
        "type": [Function],
      },
      Object {
        "instance": null,
        "key": undefined,
        "nodeType": "host",
        "props": Object {
          "children": Array [
            <div
              className="tenure-agreement__assign"
>
              <Modal
                            closeOnDimmerClick={true}
                            closeOnDocumentClick={false}
                            dimmer={true}
                            eventPool="Modal"
                            trigger={
                                          <Button
                                                        as="button"
                                                        primary={true}
                                          >
                                                        Assign Staffs
                                          </Button>
                            }
              >
                            <ModalHeader>
                                          Select Assignee
                            </ModalHeader>
                            <ModalContent>
                                          <ModalDescription>
                                                        <Header>
                                                                      Assign an officer to a tenure
                                                        </Header>
                                                        <p>
                                                                      Lorem Ipsum is simply dummy text of the printing and typesetting industry. Lorem Ipsum has been the industry's standard dummy text ever since the 1500s, when an unknown printer took a galley of type and scrambled it to make a type specimen book. It has survived not only five centuries, but also the leap into electronic typesetting, remaining essentially unchanged. It was popularised in the 1960s with the release of Letraset sheets containing Lorem Ipsum passages, and more recently with desktop publishing software like Aldus PageMaker including versions of Lorem Ipsum.
                                                        </p>
                                          </ModalDescription>
                            </ModalContent>
              </Modal>
</div>,
            <div
              className="tenure-agreement__search"
>
              <RangeUsePlanSearch
                            handleSearchInput={[Function]}
                            label="Search Agreements:"
                            placeholder="Enter Search Terms..."
              />
</div>,
          ],
          "className": "tenure-agreement__actions",
        },
        "ref": null,
        "rendered": Array [
          Object {
            "instance": null,
            "key": undefined,
            "nodeType": "host",
            "props": Object {
              "children": <Modal
                closeOnDimmerClick={true}
                closeOnDocumentClick={false}
                dimmer={true}
                eventPool="Modal"
                trigger={
                                <Button
                                                as="button"
                                                primary={true}
                                >
                                                Assign Staffs
                                </Button>
                }
>
                <ModalHeader>
                                Select Assignee
                </ModalHeader>
                <ModalContent>
                                <ModalDescription>
                                                <Header>
                                                                Assign an officer to a tenure
                                                </Header>
                                                <p>
                                                                Lorem Ipsum is simply dummy text of the printing and typesetting industry. Lorem Ipsum has been the industry's standard dummy text ever since the 1500s, when an unknown printer took a galley of type and scrambled it to make a type specimen book. It has survived not only five centuries, but also the leap into electronic typesetting, remaining essentially unchanged. It was popularised in the 1960s with the release of Letraset sheets containing Lorem Ipsum passages, and more recently with desktop publishing software like Aldus PageMaker including versions of Lorem Ipsum.
                                                </p>
                                </ModalDescription>
                </ModalContent>
</Modal>,
              "className": "tenure-agreement__assign",
            },
            "ref": null,
            "rendered": Object {
              "instance": null,
              "key": undefined,
              "nodeType": "class",
              "props": Object {
                "children": Array [
                  <ModalHeader>
                    Select Assignee
</ModalHeader>,
                  <ModalContent>
                    <ModalDescription>
                                        <Header>
                                                            Assign an officer to a tenure
                                        </Header>
                                        <p>
                                                            Lorem Ipsum is simply dummy text of the printing and typesetting industry. Lorem Ipsum has been the industry's standard dummy text ever since the 1500s, when an unknown printer took a galley of type and scrambled it to make a type specimen book. It has survived not only five centuries, but also the leap into electronic typesetting, remaining essentially unchanged. It was popularised in the 1960s with the release of Letraset sheets containing Lorem Ipsum passages, and more recently with desktop publishing software like Aldus PageMaker including versions of Lorem Ipsum.
                                        </p>
                    </ModalDescription>
</ModalContent>,
                ],
                "closeOnDimmerClick": true,
                "closeOnDocumentClick": false,
                "dimmer": true,
                "eventPool": "Modal",
                "trigger": <Button
                  as="button"
                  primary={true}
>
                  Assign Staffs
</Button>,
              },
              "ref": null,
              "rendered": Array [
                Object {
                  "instance": null,
                  "key": undefined,
                  "nodeType": "function",
                  "props": Object {
                    "children": "Select Assignee",
                  },
                  "ref": null,
                  "rendered": "Select Assignee",
                  "type": [Function],
                },
                Object {
                  "instance": null,
                  "key": undefined,
                  "nodeType": "function",
                  "props": Object {
                    "children": <ModalDescription>
                      <Header>
                                            Assign an officer to a tenure
                      </Header>
                      <p>
                                            Lorem Ipsum is simply dummy text of the printing and typesetting industry. Lorem Ipsum has been the industry's standard dummy text ever since the 1500s, when an unknown printer took a galley of type and scrambled it to make a type specimen book. It has survived not only five centuries, but also the leap into electronic typesetting, remaining essentially unchanged. It was popularised in the 1960s with the release of Letraset sheets containing Lorem Ipsum passages, and more recently with desktop publishing software like Aldus PageMaker including versions of Lorem Ipsum.
                      </p>
</ModalDescription>,
                  },
                  "ref": null,
                  "rendered": Object {
                    "instance": null,
                    "key": undefined,
                    "nodeType": "function",
                    "props": Object {
                      "children": Array [
                        <Header>
                          Assign an officer to a tenure
</Header>,
                        <p>
                          Lorem Ipsum is simply dummy text of the printing and typesetting industry. Lorem Ipsum has been the industry's standard dummy text ever since the 1500s, when an unknown printer took a galley of type and scrambled it to make a type specimen book. It has survived not only five centuries, but also the leap into electronic typesetting, remaining essentially unchanged. It was popularised in the 1960s with the release of Letraset sheets containing Lorem Ipsum passages, and more recently with desktop publishing software like Aldus PageMaker including versions of Lorem Ipsum.
</p>,
                      ],
                    },
                    "ref": null,
                    "rendered": Array [
                      Object {
                        "instance": null,
                        "key": undefined,
                        "nodeType": "function",
                        "props": Object {
                          "children": "Assign an officer to a tenure",
                        },
                        "ref": null,
                        "rendered": "Assign an officer to a tenure",
                        "type": [Function],
                      },
                      Object {
                        "instance": null,
                        "key": undefined,
                        "nodeType": "host",
                        "props": Object {
                          "children": "Lorem Ipsum is simply dummy text of the printing and typesetting industry. Lorem Ipsum has been the industry's standard dummy text ever since the 1500s, when an unknown printer took a galley of type and scrambled it to make a type specimen book. It has survived not only five centuries, but also the leap into electronic typesetting, remaining essentially unchanged. It was popularised in the 1960s with the release of Letraset sheets containing Lorem Ipsum passages, and more recently with desktop publishing software like Aldus PageMaker including versions of Lorem Ipsum.",
                        },
                        "ref": null,
                        "rendered": "Lorem Ipsum is simply dummy text of the printing and typesetting industry. Lorem Ipsum has been the industry's standard dummy text ever since the 1500s, when an unknown printer took a galley of type and scrambled it to make a type specimen book. It has survived not only five centuries, but also the leap into electronic typesetting, remaining essentially unchanged. It was popularised in the 1960s with the release of Letraset sheets containing Lorem Ipsum passages, and more recently with desktop publishing software like Aldus PageMaker including versions of Lorem Ipsum.",
                        "type": "p",
                      },
                    ],
                    "type": [Function],
                  },
                  "type": [Function],
                },
              ],
              "type": [Function],
            },
            "type": "div",
          },
          Object {
            "instance": null,
            "key": undefined,
            "nodeType": "host",
            "props": Object {
              "children": <RangeUsePlanSearch
                handleSearchInput={[Function]}
                label="Search Agreements:"
                placeholder="Enter Search Terms..."
/>,
              "className": "tenure-agreement__search",
            },
            "ref": null,
            "rendered": Object {
              "instance": null,
              "key": undefined,
              "nodeType": "class",
              "props": Object {
                "handleSearchInput": [Function],
                "label": "Search Agreements:",
                "placeholder": "Enter Search Terms...",
              },
              "ref": null,
              "rendered": null,
              "type": [Function],
            },
            "type": "div",
          },
        ],
        "type": "div",
      },
      Object {
        "instance": null,
        "key": undefined,
        "nodeType": "class",
        "props": Object {
          "rangeUsePlans": Array [],
        },
        "ref": null,
        "rendered": null,
        "type": [Function],
      },
    ],
    "type": "div",
  },
  Symbol(enzyme.__nodes__): Array [
    Object {
      "instance": null,
      "key": undefined,
      "nodeType": "host",
      "props": Object {
        "children": Array [
          <Header
            as="h1"
>
            Range Use Plans
</Header>,
          <div
            className="tenure-agreement__actions"
>
            <div
                        className="tenure-agreement__assign"
            >
                        <Modal
                                    closeOnDimmerClick={true}
                                    closeOnDocumentClick={false}
                                    dimmer={true}
                                    eventPool="Modal"
                                    trigger={
                                                <Button
                                                            as="button"
                                                            primary={true}
                                                >
                                                            Assign Staffs
                                                </Button>
                                    }
                        >
                                    <ModalHeader>
                                                Select Assignee
                                    </ModalHeader>
                                    <ModalContent>
                                                <ModalDescription>
                                                            <Header>
                                                                        Assign an officer to a tenure
                                                            </Header>
                                                            <p>
                                                                        Lorem Ipsum is simply dummy text of the printing and typesetting industry. Lorem Ipsum has been the industry's standard dummy text ever since the 1500s, when an unknown printer took a galley of type and scrambled it to make a type specimen book. It has survived not only five centuries, but also the leap into electronic typesetting, remaining essentially unchanged. It was popularised in the 1960s with the release of Letraset sheets containing Lorem Ipsum passages, and more recently with desktop publishing software like Aldus PageMaker including versions of Lorem Ipsum.
                                                            </p>
                                                </ModalDescription>
                                    </ModalContent>
                        </Modal>
            </div>
            <div
                        className="tenure-agreement__search"
            >
                        <RangeUsePlanSearch
                                    handleSearchInput={[Function]}
                                    label="Search Agreements:"
                                    placeholder="Enter Search Terms..."
                        />
            </div>
</div>,
          <RangeUsePlanTable
            rangeUsePlans={Array []}
/>,
        ],
        "className": "tenure-agreement",
      },
      "ref": null,
      "rendered": Array [
        Object {
          "instance": null,
          "key": undefined,
          "nodeType": "function",
          "props": Object {
            "as": "h1",
            "children": "Range Use Plans",
          },
          "ref": null,
          "rendered": "Range Use Plans",
          "type": [Function],
        },
        Object {
          "instance": null,
          "key": undefined,
          "nodeType": "host",
          "props": Object {
            "children": Array [
              <div
                className="tenure-agreement__assign"
>
                <Modal
                                closeOnDimmerClick={true}
                                closeOnDocumentClick={false}
                                dimmer={true}
                                eventPool="Modal"
                                trigger={
                                                <Button
                                                                as="button"
                                                                primary={true}
                                                >
                                                                Assign Staffs
                                                </Button>
                                }
                >
                                <ModalHeader>
                                                Select Assignee
                                </ModalHeader>
                                <ModalContent>
                                                <ModalDescription>
                                                                <Header>
                                                                                Assign an officer to a tenure
                                                                </Header>
                                                                <p>
                                                                                Lorem Ipsum is simply dummy text of the printing and typesetting industry. Lorem Ipsum has been the industry's standard dummy text ever since the 1500s, when an unknown printer took a galley of type and scrambled it to make a type specimen book. It has survived not only five centuries, but also the leap into electronic typesetting, remaining essentially unchanged. It was popularised in the 1960s with the release of Letraset sheets containing Lorem Ipsum passages, and more recently with desktop publishing software like Aldus PageMaker including versions of Lorem Ipsum.
                                                                </p>
                                                </ModalDescription>
                                </ModalContent>
                </Modal>
</div>,
              <div
                className="tenure-agreement__search"
>
                <RangeUsePlanSearch
                                handleSearchInput={[Function]}
                                label="Search Agreements:"
                                placeholder="Enter Search Terms..."
                />
</div>,
            ],
            "className": "tenure-agreement__actions",
          },
          "ref": null,
          "rendered": Array [
            Object {
              "instance": null,
              "key": undefined,
              "nodeType": "host",
              "props": Object {
                "children": <Modal
                  closeOnDimmerClick={true}
                  closeOnDocumentClick={false}
                  dimmer={true}
                  eventPool="Modal"
                  trigger={
                                    <Button
                                                      as="button"
                                                      primary={true}
                                    >
                                                      Assign Staffs
                                    </Button>
                  }
>
                  <ModalHeader>
                                    Select Assignee
                  </ModalHeader>
                  <ModalContent>
                                    <ModalDescription>
                                                      <Header>
                                                                        Assign an officer to a tenure
                                                      </Header>
                                                      <p>
                                                                        Lorem Ipsum is simply dummy text of the printing and typesetting industry. Lorem Ipsum has been the industry's standard dummy text ever since the 1500s, when an unknown printer took a galley of type and scrambled it to make a type specimen book. It has survived not only five centuries, but also the leap into electronic typesetting, remaining essentially unchanged. It was popularised in the 1960s with the release of Letraset sheets containing Lorem Ipsum passages, and more recently with desktop publishing software like Aldus PageMaker including versions of Lorem Ipsum.
                                                      </p>
                                    </ModalDescription>
                  </ModalContent>
</Modal>,
                "className": "tenure-agreement__assign",
              },
              "ref": null,
              "rendered": Object {
                "instance": null,
                "key": undefined,
                "nodeType": "class",
                "props": Object {
                  "children": Array [
                    <ModalHeader>
                      Select Assignee
</ModalHeader>,
                    <ModalContent>
                      <ModalDescription>
                                            <Header>
                                                                  Assign an officer to a tenure
                                            </Header>
                                            <p>
                                                                  Lorem Ipsum is simply dummy text of the printing and typesetting industry. Lorem Ipsum has been the industry's standard dummy text ever since the 1500s, when an unknown printer took a galley of type and scrambled it to make a type specimen book. It has survived not only five centuries, but also the leap into electronic typesetting, remaining essentially unchanged. It was popularised in the 1960s with the release of Letraset sheets containing Lorem Ipsum passages, and more recently with desktop publishing software like Aldus PageMaker including versions of Lorem Ipsum.
                                            </p>
                      </ModalDescription>
</ModalContent>,
                  ],
                  "closeOnDimmerClick": true,
                  "closeOnDocumentClick": false,
                  "dimmer": true,
                  "eventPool": "Modal",
                  "trigger": <Button
                    as="button"
                    primary={true}
>
                    Assign Staffs
</Button>,
                },
                "ref": null,
                "rendered": Array [
                  Object {
                    "instance": null,
                    "key": undefined,
                    "nodeType": "function",
                    "props": Object {
                      "children": "Select Assignee",
                    },
                    "ref": null,
                    "rendered": "Select Assignee",
                    "type": [Function],
                  },
                  Object {
                    "instance": null,
                    "key": undefined,
                    "nodeType": "function",
                    "props": Object {
                      "children": <ModalDescription>
                        <Header>
                                                Assign an officer to a tenure
                        </Header>
                        <p>
                                                Lorem Ipsum is simply dummy text of the printing and typesetting industry. Lorem Ipsum has been the industry's standard dummy text ever since the 1500s, when an unknown printer took a galley of type and scrambled it to make a type specimen book. It has survived not only five centuries, but also the leap into electronic typesetting, remaining essentially unchanged. It was popularised in the 1960s with the release of Letraset sheets containing Lorem Ipsum passages, and more recently with desktop publishing software like Aldus PageMaker including versions of Lorem Ipsum.
                        </p>
</ModalDescription>,
                    },
                    "ref": null,
                    "rendered": Object {
                      "instance": null,
                      "key": undefined,
                      "nodeType": "function",
                      "props": Object {
                        "children": Array [
                          <Header>
                            Assign an officer to a tenure
</Header>,
                          <p>
                            Lorem Ipsum is simply dummy text of the printing and typesetting industry. Lorem Ipsum has been the industry's standard dummy text ever since the 1500s, when an unknown printer took a galley of type and scrambled it to make a type specimen book. It has survived not only five centuries, but also the leap into electronic typesetting, remaining essentially unchanged. It was popularised in the 1960s with the release of Letraset sheets containing Lorem Ipsum passages, and more recently with desktop publishing software like Aldus PageMaker including versions of Lorem Ipsum.
</p>,
                        ],
                      },
                      "ref": null,
                      "rendered": Array [
                        Object {
                          "instance": null,
                          "key": undefined,
                          "nodeType": "function",
                          "props": Object {
                            "children": "Assign an officer to a tenure",
                          },
                          "ref": null,
                          "rendered": "Assign an officer to a tenure",
                          "type": [Function],
                        },
                        Object {
                          "instance": null,
                          "key": undefined,
                          "nodeType": "host",
                          "props": Object {
                            "children": "Lorem Ipsum is simply dummy text of the printing and typesetting industry. Lorem Ipsum has been the industry's standard dummy text ever since the 1500s, when an unknown printer took a galley of type and scrambled it to make a type specimen book. It has survived not only five centuries, but also the leap into electronic typesetting, remaining essentially unchanged. It was popularised in the 1960s with the release of Letraset sheets containing Lorem Ipsum passages, and more recently with desktop publishing software like Aldus PageMaker including versions of Lorem Ipsum.",
                          },
                          "ref": null,
                          "rendered": "Lorem Ipsum is simply dummy text of the printing and typesetting industry. Lorem Ipsum has been the industry's standard dummy text ever since the 1500s, when an unknown printer took a galley of type and scrambled it to make a type specimen book. It has survived not only five centuries, but also the leap into electronic typesetting, remaining essentially unchanged. It was popularised in the 1960s with the release of Letraset sheets containing Lorem Ipsum passages, and more recently with desktop publishing software like Aldus PageMaker including versions of Lorem Ipsum.",
                          "type": "p",
                        },
                      ],
                      "type": [Function],
                    },
                    "type": [Function],
                  },
                ],
                "type": [Function],
              },
              "type": "div",
            },
            Object {
              "instance": null,
              "key": undefined,
              "nodeType": "host",
              "props": Object {
                "children": <RangeUsePlanSearch
                  handleSearchInput={[Function]}
                  label="Search Agreements:"
                  placeholder="Enter Search Terms..."
/>,
                "className": "tenure-agreement__search",
              },
              "ref": null,
              "rendered": Object {
                "instance": null,
                "key": undefined,
                "nodeType": "class",
                "props": Object {
                  "handleSearchInput": [Function],
                  "label": "Search Agreements:",
                  "placeholder": "Enter Search Terms...",
                },
                "ref": null,
                "rendered": null,
                "type": [Function],
              },
              "type": "div",
            },
          ],
          "type": "div",
        },
        Object {
          "instance": null,
          "key": undefined,
          "nodeType": "class",
          "props": Object {
            "rangeUsePlans": Array [],
          },
          "ref": null,
          "rendered": null,
          "type": [Function],
        },
      ],
      "type": "div",
    },
  ],
  Symbol(enzyme.__options__): Object {
    "adapter": ReactSixteenAdapter {
      "options": Object {
        "enableComponentDidUpdateOnSetState": true,
      },
    },
  },
}
`;
