// Jest Snapshot v1, https://goo.gl/fbAQLP

exports[`RangeUsePlansTableItem renders correctly 1`] = `
ShallowWrapper {
  "length": 1,
  Symbol(enzyme.__root__): [Circular],
  Symbol(enzyme.__unrendered__): <RangeUsePlansTableItem
    history={
        Object {
            "push": [Function],
          }
    }
    rangeUsePlan={
        Object {
            "id": "RAN071231",
            "number": 1,
            "rangeOfficer": Object {
              "name": "Obi-Wan Kenobi",
            },
            "region": "Victoria Ranch 1",
            "status": "Completed",
            "tenureHolder": Object {
              "name": "Luke Skywalker",
            },
          }
    }
/>,
  Symbol(enzyme.__renderer__): Object {
    "batchedUpdates": [Function],
    "getNode": [Function],
    "render": [Function],
    "simulateEvent": [Function],
    "unmount": [Function],
  },
  Symbol(enzyme.__node__): Object {
    "instance": null,
    "key": undefined,
    "nodeType": "function",
    "props": Object {
      "as": "tr",
      "cellAs": "td",
      "children": Array [
        <TableCell
          as="td"
>
          RAN071231
</TableCell>,
        <TableCell
          as="td"
>
          Victoria Ranch 1
</TableCell>,
        <TableCell
          as="td"
>
          Luke Skywalker
</TableCell>,
        <TableCell
          as="td"
>
          Obi-Wan Kenobi
</TableCell>,
        <TableCell
          as="td"
>
          <Unknown
                    status="Completed"
          />
</TableCell>,
      ],
      "className": "range-use-plans-table-item",
      "onClick": [Function],
    },
    "ref": null,
    "rendered": Array [
      Object {
        "instance": null,
        "key": undefined,
        "nodeType": "function",
        "props": Object {
          "as": "td",
          "children": "RAN071231",
        },
        "ref": null,
        "rendered": "RAN071231",
        "type": [Function],
      },
      Object {
        "instance": null,
        "key": undefined,
        "nodeType": "function",
        "props": Object {
          "as": "td",
          "children": "Victoria Ranch 1",
        },
        "ref": null,
        "rendered": "Victoria Ranch 1",
        "type": [Function],
      },
      Object {
        "instance": null,
        "key": undefined,
        "nodeType": "function",
        "props": Object {
          "as": "td",
          "children": "Luke Skywalker",
        },
        "ref": null,
        "rendered": "Luke Skywalker",
        "type": [Function],
      },
      Object {
        "instance": null,
        "key": undefined,
        "nodeType": "function",
        "props": Object {
          "as": "td",
          "children": "Obi-Wan Kenobi",
        },
        "ref": null,
        "rendered": "Obi-Wan Kenobi",
        "type": [Function],
      },
      Object {
        "instance": null,
        "key": undefined,
        "nodeType": "function",
        "props": Object {
          "as": "td",
          "children": <Unknown
            status="Completed"
/>,
        },
        "ref": null,
        "rendered": Object {
          "instance": null,
          "key": undefined,
          "nodeType": "function",
          "props": Object {
            "status": "Completed",
          },
          "ref": null,
          "rendered": null,
          "type": [Function],
        },
        "type": [Function],
      },
    ],
    "type": [Function],
  },
  Symbol(enzyme.__nodes__): Array [
    Object {
      "instance": null,
      "key": undefined,
      "nodeType": "function",
      "props": Object {
        "as": "tr",
        "cellAs": "td",
        "children": Array [
          <TableCell
            as="td"
>
            RAN071231
</TableCell>,
          <TableCell
            as="td"
>
            Victoria Ranch 1
</TableCell>,
          <TableCell
            as="td"
>
            Luke Skywalker
</TableCell>,
          <TableCell
            as="td"
>
            Obi-Wan Kenobi
</TableCell>,
          <TableCell
            as="td"
>
            <Unknown
                        status="Completed"
            />
</TableCell>,
        ],
        "className": "range-use-plans-table-item",
        "onClick": [Function],
      },
      "ref": null,
      "rendered": Array [
        Object {
          "instance": null,
          "key": undefined,
          "nodeType": "function",
          "props": Object {
            "as": "td",
            "children": "RAN071231",
          },
          "ref": null,
          "rendered": "RAN071231",
          "type": [Function],
        },
        Object {
          "instance": null,
          "key": undefined,
          "nodeType": "function",
          "props": Object {
            "as": "td",
            "children": "Victoria Ranch 1",
          },
          "ref": null,
          "rendered": "Victoria Ranch 1",
          "type": [Function],
        },
        Object {
          "instance": null,
          "key": undefined,
          "nodeType": "function",
          "props": Object {
            "as": "td",
            "children": "Luke Skywalker",
          },
          "ref": null,
          "rendered": "Luke Skywalker",
          "type": [Function],
        },
        Object {
          "instance": null,
          "key": undefined,
          "nodeType": "function",
          "props": Object {
            "as": "td",
            "children": "Obi-Wan Kenobi",
          },
          "ref": null,
          "rendered": "Obi-Wan Kenobi",
          "type": [Function],
        },
        Object {
          "instance": null,
          "key": undefined,
          "nodeType": "function",
          "props": Object {
            "as": "td",
            "children": <Unknown
              status="Completed"
/>,
          },
          "ref": null,
          "rendered": Object {
            "instance": null,
            "key": undefined,
            "nodeType": "function",
            "props": Object {
              "status": "Completed",
            },
            "ref": null,
            "rendered": null,
            "type": [Function],
          },
          "type": [Function],
        },
      ],
      "type": [Function],
    },
  ],
  Symbol(enzyme.__options__): Object {
    "adapter": ReactSixteenAdapter {
      "options": Object {
        "enableComponentDidUpdateOnSetState": true,
      },
    },
  },
}
`;
