// Jest Snapshot v1, https://goo.gl/fbAQLP

exports[`RangeUsePlansTable renders correctly 1`] = `
ShallowWrapper {
  "length": 1,
  Symbol(enzyme.__root__): [Circular],
  Symbol(enzyme.__unrendered__): <RangeUsePlansTable
    isLoading={false}
    rangeUsePlans={
        Array [
            Object {
              "id": "RAN071231",
              "number": 1,
              "rangeOfficer": Object {
                "name": "Obi-Wan Kenobi",
              },
              "region": "Victoria Ranch 1",
              "status": "Completed",
              "tenureHolder": Object {
                "name": "Luke Skywalker",
              },
            },
            Object {
              "id": "RAN071232",
              "number": 2,
              "rangeOfficer": Object {
                "name": "Leia Organa",
              },
              "region": "Victoria Ranch 2",
              "status": "Completed",
              "tenureHolder": Object {
                "name": "Han Solo",
              },
            },
            Object {
              "id": "RAN071233",
              "number": 3,
              "rangeOfficer": Object {
                "name": "Obi-Wan Kenobi",
              },
              "region": "Victoria Ranch 3",
              "status": "Completed",
              "tenureHolder": Object {
                "name": "Luke Skywalker",
              },
            },
          ]
    }
/>,
  Symbol(enzyme.__renderer__): Object {
    "batchedUpdates": [Function],
    "getNode": [Function],
    "render": [Function],
    "simulateEvent": [Function],
    "unmount": [Function],
  },
  Symbol(enzyme.__node__): Object {
    "instance": null,
    "key": undefined,
    "nodeType": "class",
    "props": Object {
      "as": "form",
      "children": <Table
        as="table"
        selectable={true}
        singleLine={true}
>
        <TableHeader
                as="thead"
        >
                <TableRow
                        as="tr"
                        cellAs="td"
                >
                        <TableHeaderCell
                                as="th"
                        >
                                RAN Number
                        </TableHeaderCell>
                        <TableHeaderCell
                                as="th"
                        >
                                Range Name
                        </TableHeaderCell>
                        <TableHeaderCell
                                as="th"
                        >
                                Agreement Holder
                        </TableHeaderCell>
                        <TableHeaderCell
                                as="th"
                        >
                                Staff Contact
                        </TableHeaderCell>
                        <TableHeaderCell
                                as="th"
                        >
                                Status
                        </TableHeaderCell>
                </TableRow>
        </TableHeader>
        <TableBody
                as="tbody"
        >
                <withRouter(RangeUsePlansTableItem)
                        rangeUsePlan={
                                Object {
                                        "id": "RAN071231",
                                        "number": 1,
                                        "rangeOfficer": Object {
                                          "name": "Obi-Wan Kenobi",
                                        },
                                        "region": "Victoria Ranch 1",
                                        "status": "Completed",
                                        "tenureHolder": Object {
                                          "name": "Luke Skywalker",
                                        },
                                      }
                        }
                />
                <withRouter(RangeUsePlansTableItem)
                        rangeUsePlan={
                                Object {
                                        "id": "RAN071232",
                                        "number": 2,
                                        "rangeOfficer": Object {
                                          "name": "Leia Organa",
                                        },
                                        "region": "Victoria Ranch 2",
                                        "status": "Completed",
                                        "tenureHolder": Object {
                                          "name": "Han Solo",
                                        },
                                      }
                        }
                />
                <withRouter(RangeUsePlansTableItem)
                        rangeUsePlan={
                                Object {
                                        "id": "RAN071233",
                                        "number": 3,
                                        "rangeOfficer": Object {
                                          "name": "Obi-Wan Kenobi",
                                        },
                                        "region": "Victoria Ranch 3",
                                        "status": "Completed",
                                        "tenureHolder": Object {
                                          "name": "Luke Skywalker",
                                        },
                                      }
                        }
                />
        </TableBody>
</Table>,
      "loading": false,
    },
    "ref": null,
    "rendered": Object {
      "instance": null,
      "key": undefined,
      "nodeType": "function",
      "props": Object {
        "as": "table",
        "children": Array [
          <TableHeader
            as="thead"
>
            <TableRow
                        as="tr"
                        cellAs="td"
            >
                        <TableHeaderCell
                                    as="th"
                        >
                                    RAN Number
                        </TableHeaderCell>
                        <TableHeaderCell
                                    as="th"
                        >
                                    Range Name
                        </TableHeaderCell>
                        <TableHeaderCell
                                    as="th"
                        >
                                    Agreement Holder
                        </TableHeaderCell>
                        <TableHeaderCell
                                    as="th"
                        >
                                    Staff Contact
                        </TableHeaderCell>
                        <TableHeaderCell
                                    as="th"
                        >
                                    Status
                        </TableHeaderCell>
            </TableRow>
</TableHeader>,
          <TableBody
            as="tbody"
>
            <withRouter(RangeUsePlansTableItem)
                        rangeUsePlan={
                                    Object {
                                                "id": "RAN071231",
                                                "number": 1,
                                                "rangeOfficer": Object {
                                                  "name": "Obi-Wan Kenobi",
                                                },
                                                "region": "Victoria Ranch 1",
                                                "status": "Completed",
                                                "tenureHolder": Object {
                                                  "name": "Luke Skywalker",
                                                },
                                              }
                        }
            />
            <withRouter(RangeUsePlansTableItem)
                        rangeUsePlan={
                                    Object {
                                                "id": "RAN071232",
                                                "number": 2,
                                                "rangeOfficer": Object {
                                                  "name": "Leia Organa",
                                                },
                                                "region": "Victoria Ranch 2",
                                                "status": "Completed",
                                                "tenureHolder": Object {
                                                  "name": "Han Solo",
                                                },
                                              }
                        }
            />
            <withRouter(RangeUsePlansTableItem)
                        rangeUsePlan={
                                    Object {
                                                "id": "RAN071233",
                                                "number": 3,
                                                "rangeOfficer": Object {
                                                  "name": "Obi-Wan Kenobi",
                                                },
                                                "region": "Victoria Ranch 3",
                                                "status": "Completed",
                                                "tenureHolder": Object {
                                                  "name": "Luke Skywalker",
                                                },
                                              }
                        }
            />
</TableBody>,
        ],
        "selectable": true,
        "singleLine": true,
      },
      "ref": null,
      "rendered": Array [
        Object {
          "instance": null,
          "key": undefined,
          "nodeType": "function",
          "props": Object {
            "as": "thead",
            "children": <TableRow
              as="tr"
              cellAs="td"
>
              <TableHeaderCell
                            as="th"
              >
                            RAN Number
              </TableHeaderCell>
              <TableHeaderCell
                            as="th"
              >
                            Range Name
              </TableHeaderCell>
              <TableHeaderCell
                            as="th"
              >
                            Agreement Holder
              </TableHeaderCell>
              <TableHeaderCell
                            as="th"
              >
                            Staff Contact
              </TableHeaderCell>
              <TableHeaderCell
                            as="th"
              >
                            Status
              </TableHeaderCell>
</TableRow>,
          },
          "ref": null,
          "rendered": Object {
            "instance": null,
            "key": undefined,
            "nodeType": "function",
            "props": Object {
              "as": "tr",
              "cellAs": "td",
              "children": Array [
                <TableHeaderCell
                  as="th"
>
                  RAN Number
</TableHeaderCell>,
                <TableHeaderCell
                  as="th"
>
                  Range Name
</TableHeaderCell>,
                <TableHeaderCell
                  as="th"
>
                  Agreement Holder
</TableHeaderCell>,
                <TableHeaderCell
                  as="th"
>
                  Staff Contact
</TableHeaderCell>,
                <TableHeaderCell
                  as="th"
>
                  Status
</TableHeaderCell>,
              ],
            },
            "ref": null,
            "rendered": Array [
              Object {
                "instance": null,
                "key": undefined,
                "nodeType": "function",
                "props": Object {
                  "as": "th",
                  "children": "RAN Number",
                },
                "ref": null,
                "rendered": "RAN Number",
                "type": [Function],
              },
              Object {
                "instance": null,
                "key": undefined,
                "nodeType": "function",
                "props": Object {
                  "as": "th",
                  "children": "Range Name",
                },
                "ref": null,
                "rendered": "Range Name",
                "type": [Function],
              },
              Object {
                "instance": null,
                "key": undefined,
                "nodeType": "function",
                "props": Object {
                  "as": "th",
                  "children": "Agreement Holder",
                },
                "ref": null,
                "rendered": "Agreement Holder",
                "type": [Function],
              },
              Object {
                "instance": null,
                "key": undefined,
                "nodeType": "function",
                "props": Object {
                  "as": "th",
                  "children": "Staff Contact",
                },
                "ref": null,
                "rendered": "Staff Contact",
                "type": [Function],
              },
              Object {
                "instance": null,
                "key": undefined,
                "nodeType": "function",
                "props": Object {
                  "as": "th",
                  "children": "Status",
                },
                "ref": null,
                "rendered": "Status",
                "type": [Function],
              },
            ],
            "type": [Function],
          },
          "type": [Function],
        },
        Object {
          "instance": null,
          "key": undefined,
          "nodeType": "function",
          "props": Object {
            "as": "tbody",
            "children": Array [
              <withRouter(RangeUsePlansTableItem)
                rangeUsePlan={
                                Object {
                                                "id": "RAN071231",
                                                "number": 1,
                                                "rangeOfficer": Object {
                                                  "name": "Obi-Wan Kenobi",
                                                },
                                                "region": "Victoria Ranch 1",
                                                "status": "Completed",
                                                "tenureHolder": Object {
                                                  "name": "Luke Skywalker",
                                                },
                                              }
                }
/>,
              <withRouter(RangeUsePlansTableItem)
                rangeUsePlan={
                                Object {
                                                "id": "RAN071232",
                                                "number": 2,
                                                "rangeOfficer": Object {
                                                  "name": "Leia Organa",
                                                },
                                                "region": "Victoria Ranch 2",
                                                "status": "Completed",
                                                "tenureHolder": Object {
                                                  "name": "Han Solo",
                                                },
                                              }
                }
/>,
              <withRouter(RangeUsePlansTableItem)
                rangeUsePlan={
                                Object {
                                                "id": "RAN071233",
                                                "number": 3,
                                                "rangeOfficer": Object {
                                                  "name": "Obi-Wan Kenobi",
                                                },
                                                "region": "Victoria Ranch 3",
                                                "status": "Completed",
                                                "tenureHolder": Object {
                                                  "name": "Luke Skywalker",
                                                },
                                              }
                }
/>,
            ],
          },
          "ref": null,
          "rendered": Array [
            Object {
              "instance": null,
              "key": "RAN071231",
              "nodeType": "function",
              "props": Object {
                "rangeUsePlan": Object {
                  "id": "RAN071231",
                  "number": 1,
                  "rangeOfficer": Object {
                    "name": "Obi-Wan Kenobi",
                  },
                  "region": "Victoria Ranch 1",
                  "status": "Completed",
                  "tenureHolder": Object {
                    "name": "Luke Skywalker",
                  },
                },
              },
              "ref": null,
              "rendered": null,
              "type": [Function],
            },
            Object {
              "instance": null,
              "key": "RAN071232",
              "nodeType": "function",
              "props": Object {
                "rangeUsePlan": Object {
                  "id": "RAN071232",
                  "number": 2,
                  "rangeOfficer": Object {
                    "name": "Leia Organa",
                  },
                  "region": "Victoria Ranch 2",
                  "status": "Completed",
                  "tenureHolder": Object {
                    "name": "Han Solo",
                  },
                },
              },
              "ref": null,
              "rendered": null,
              "type": [Function],
            },
            Object {
              "instance": null,
              "key": "RAN071233",
              "nodeType": "function",
              "props": Object {
                "rangeUsePlan": Object {
                  "id": "RAN071233",
                  "number": 3,
                  "rangeOfficer": Object {
                    "name": "Obi-Wan Kenobi",
                  },
                  "region": "Victoria Ranch 3",
                  "status": "Completed",
                  "tenureHolder": Object {
                    "name": "Luke Skywalker",
                  },
                },
              },
              "ref": null,
              "rendered": null,
              "type": [Function],
            },
          ],
          "type": [Function],
        },
      ],
      "type": [Function],
    },
    "type": [Function],
  },
  Symbol(enzyme.__nodes__): Array [
    Object {
      "instance": null,
      "key": undefined,
      "nodeType": "class",
      "props": Object {
        "as": "form",
        "children": <Table
          as="table"
          selectable={true}
          singleLine={true}
>
          <TableHeader
                    as="thead"
          >
                    <TableRow
                              as="tr"
                              cellAs="td"
                    >
                              <TableHeaderCell
                                        as="th"
                              >
                                        RAN Number
                              </TableHeaderCell>
                              <TableHeaderCell
                                        as="th"
                              >
                                        Range Name
                              </TableHeaderCell>
                              <TableHeaderCell
                                        as="th"
                              >
                                        Agreement Holder
                              </TableHeaderCell>
                              <TableHeaderCell
                                        as="th"
                              >
                                        Staff Contact
                              </TableHeaderCell>
                              <TableHeaderCell
                                        as="th"
                              >
                                        Status
                              </TableHeaderCell>
                    </TableRow>
          </TableHeader>
          <TableBody
                    as="tbody"
          >
                    <withRouter(RangeUsePlansTableItem)
                              rangeUsePlan={
                                        Object {
                                                  "id": "RAN071231",
                                                  "number": 1,
                                                  "rangeOfficer": Object {
                                                    "name": "Obi-Wan Kenobi",
                                                  },
                                                  "region": "Victoria Ranch 1",
                                                  "status": "Completed",
                                                  "tenureHolder": Object {
                                                    "name": "Luke Skywalker",
                                                  },
                                                }
                              }
                    />
                    <withRouter(RangeUsePlansTableItem)
                              rangeUsePlan={
                                        Object {
                                                  "id": "RAN071232",
                                                  "number": 2,
                                                  "rangeOfficer": Object {
                                                    "name": "Leia Organa",
                                                  },
                                                  "region": "Victoria Ranch 2",
                                                  "status": "Completed",
                                                  "tenureHolder": Object {
                                                    "name": "Han Solo",
                                                  },
                                                }
                              }
                    />
                    <withRouter(RangeUsePlansTableItem)
                              rangeUsePlan={
                                        Object {
                                                  "id": "RAN071233",
                                                  "number": 3,
                                                  "rangeOfficer": Object {
                                                    "name": "Obi-Wan Kenobi",
                                                  },
                                                  "region": "Victoria Ranch 3",
                                                  "status": "Completed",
                                                  "tenureHolder": Object {
                                                    "name": "Luke Skywalker",
                                                  },
                                                }
                              }
                    />
          </TableBody>
</Table>,
        "loading": false,
      },
      "ref": null,
      "rendered": Object {
        "instance": null,
        "key": undefined,
        "nodeType": "function",
        "props": Object {
          "as": "table",
          "children": Array [
            <TableHeader
              as="thead"
>
              <TableRow
                            as="tr"
                            cellAs="td"
              >
                            <TableHeaderCell
                                          as="th"
                            >
                                          RAN Number
                            </TableHeaderCell>
                            <TableHeaderCell
                                          as="th"
                            >
                                          Range Name
                            </TableHeaderCell>
                            <TableHeaderCell
                                          as="th"
                            >
                                          Agreement Holder
                            </TableHeaderCell>
                            <TableHeaderCell
                                          as="th"
                            >
                                          Staff Contact
                            </TableHeaderCell>
                            <TableHeaderCell
                                          as="th"
                            >
                                          Status
                            </TableHeaderCell>
              </TableRow>
</TableHeader>,
            <TableBody
              as="tbody"
>
              <withRouter(RangeUsePlansTableItem)
                            rangeUsePlan={
                                          Object {
                                                        "id": "RAN071231",
                                                        "number": 1,
                                                        "rangeOfficer": Object {
                                                          "name": "Obi-Wan Kenobi",
                                                        },
                                                        "region": "Victoria Ranch 1",
                                                        "status": "Completed",
                                                        "tenureHolder": Object {
                                                          "name": "Luke Skywalker",
                                                        },
                                                      }
                            }
              />
              <withRouter(RangeUsePlansTableItem)
                            rangeUsePlan={
                                          Object {
                                                        "id": "RAN071232",
                                                        "number": 2,
                                                        "rangeOfficer": Object {
                                                          "name": "Leia Organa",
                                                        },
                                                        "region": "Victoria Ranch 2",
                                                        "status": "Completed",
                                                        "tenureHolder": Object {
                                                          "name": "Han Solo",
                                                        },
                                                      }
                            }
              />
              <withRouter(RangeUsePlansTableItem)
                            rangeUsePlan={
                                          Object {
                                                        "id": "RAN071233",
                                                        "number": 3,
                                                        "rangeOfficer": Object {
                                                          "name": "Obi-Wan Kenobi",
                                                        },
                                                        "region": "Victoria Ranch 3",
                                                        "status": "Completed",
                                                        "tenureHolder": Object {
                                                          "name": "Luke Skywalker",
                                                        },
                                                      }
                            }
              />
</TableBody>,
          ],
          "selectable": true,
          "singleLine": true,
        },
        "ref": null,
        "rendered": Array [
          Object {
            "instance": null,
            "key": undefined,
            "nodeType": "function",
            "props": Object {
              "as": "thead",
              "children": <TableRow
                as="tr"
                cellAs="td"
>
                <TableHeaderCell
                                as="th"
                >
                                RAN Number
                </TableHeaderCell>
                <TableHeaderCell
                                as="th"
                >
                                Range Name
                </TableHeaderCell>
                <TableHeaderCell
                                as="th"
                >
                                Agreement Holder
                </TableHeaderCell>
                <TableHeaderCell
                                as="th"
                >
                                Staff Contact
                </TableHeaderCell>
                <TableHeaderCell
                                as="th"
                >
                                Status
                </TableHeaderCell>
</TableRow>,
            },
            "ref": null,
            "rendered": Object {
              "instance": null,
              "key": undefined,
              "nodeType": "function",
              "props": Object {
                "as": "tr",
                "cellAs": "td",
                "children": Array [
                  <TableHeaderCell
                    as="th"
>
                    RAN Number
</TableHeaderCell>,
                  <TableHeaderCell
                    as="th"
>
                    Range Name
</TableHeaderCell>,
                  <TableHeaderCell
                    as="th"
>
                    Agreement Holder
</TableHeaderCell>,
                  <TableHeaderCell
                    as="th"
>
                    Staff Contact
</TableHeaderCell>,
                  <TableHeaderCell
                    as="th"
>
                    Status
</TableHeaderCell>,
                ],
              },
              "ref": null,
              "rendered": Array [
                Object {
                  "instance": null,
                  "key": undefined,
                  "nodeType": "function",
                  "props": Object {
                    "as": "th",
                    "children": "RAN Number",
                  },
                  "ref": null,
                  "rendered": "RAN Number",
                  "type": [Function],
                },
                Object {
                  "instance": null,
                  "key": undefined,
                  "nodeType": "function",
                  "props": Object {
                    "as": "th",
                    "children": "Range Name",
                  },
                  "ref": null,
                  "rendered": "Range Name",
                  "type": [Function],
                },
                Object {
                  "instance": null,
                  "key": undefined,
                  "nodeType": "function",
                  "props": Object {
                    "as": "th",
                    "children": "Agreement Holder",
                  },
                  "ref": null,
                  "rendered": "Agreement Holder",
                  "type": [Function],
                },
                Object {
                  "instance": null,
                  "key": undefined,
                  "nodeType": "function",
                  "props": Object {
                    "as": "th",
                    "children": "Staff Contact",
                  },
                  "ref": null,
                  "rendered": "Staff Contact",
                  "type": [Function],
                },
                Object {
                  "instance": null,
                  "key": undefined,
                  "nodeType": "function",
                  "props": Object {
                    "as": "th",
                    "children": "Status",
                  },
                  "ref": null,
                  "rendered": "Status",
                  "type": [Function],
                },
              ],
              "type": [Function],
            },
            "type": [Function],
          },
          Object {
            "instance": null,
            "key": undefined,
            "nodeType": "function",
            "props": Object {
              "as": "tbody",
              "children": Array [
                <withRouter(RangeUsePlansTableItem)
                  rangeUsePlan={
                                    Object {
                                                      "id": "RAN071231",
                                                      "number": 1,
                                                      "rangeOfficer": Object {
                                                        "name": "Obi-Wan Kenobi",
                                                      },
                                                      "region": "Victoria Ranch 1",
                                                      "status": "Completed",
                                                      "tenureHolder": Object {
                                                        "name": "Luke Skywalker",
                                                      },
                                                    }
                  }
/>,
                <withRouter(RangeUsePlansTableItem)
                  rangeUsePlan={
                                    Object {
                                                      "id": "RAN071232",
                                                      "number": 2,
                                                      "rangeOfficer": Object {
                                                        "name": "Leia Organa",
                                                      },
                                                      "region": "Victoria Ranch 2",
                                                      "status": "Completed",
                                                      "tenureHolder": Object {
                                                        "name": "Han Solo",
                                                      },
                                                    }
                  }
/>,
                <withRouter(RangeUsePlansTableItem)
                  rangeUsePlan={
                                    Object {
                                                      "id": "RAN071233",
                                                      "number": 3,
                                                      "rangeOfficer": Object {
                                                        "name": "Obi-Wan Kenobi",
                                                      },
                                                      "region": "Victoria Ranch 3",
                                                      "status": "Completed",
                                                      "tenureHolder": Object {
                                                        "name": "Luke Skywalker",
                                                      },
                                                    }
                  }
/>,
              ],
            },
            "ref": null,
            "rendered": Array [
              Object {
                "instance": null,
                "key": "RAN071231",
                "nodeType": "function",
                "props": Object {
                  "rangeUsePlan": Object {
                    "id": "RAN071231",
                    "number": 1,
                    "rangeOfficer": Object {
                      "name": "Obi-Wan Kenobi",
                    },
                    "region": "Victoria Ranch 1",
                    "status": "Completed",
                    "tenureHolder": Object {
                      "name": "Luke Skywalker",
                    },
                  },
                },
                "ref": null,
                "rendered": null,
                "type": [Function],
              },
              Object {
                "instance": null,
                "key": "RAN071232",
                "nodeType": "function",
                "props": Object {
                  "rangeUsePlan": Object {
                    "id": "RAN071232",
                    "number": 2,
                    "rangeOfficer": Object {
                      "name": "Leia Organa",
                    },
                    "region": "Victoria Ranch 2",
                    "status": "Completed",
                    "tenureHolder": Object {
                      "name": "Han Solo",
                    },
                  },
                },
                "ref": null,
                "rendered": null,
                "type": [Function],
              },
              Object {
                "instance": null,
                "key": "RAN071233",
                "nodeType": "function",
                "props": Object {
                  "rangeUsePlan": Object {
                    "id": "RAN071233",
                    "number": 3,
                    "rangeOfficer": Object {
                      "name": "Obi-Wan Kenobi",
                    },
                    "region": "Victoria Ranch 3",
                    "status": "Completed",
                    "tenureHolder": Object {
                      "name": "Luke Skywalker",
                    },
                  },
                },
                "ref": null,
                "rendered": null,
                "type": [Function],
              },
            ],
            "type": [Function],
          },
        ],
        "type": [Function],
      },
      "type": [Function],
    },
  ],
  Symbol(enzyme.__options__): Object {
    "adapter": ReactSixteenAdapter {
      "options": Object {
        "enableComponentDidUpdateOnSetState": true,
      },
    },
  },
}
`;
