// Jest Snapshot v1, https://goo.gl/fbAQLP

exports[`RangeUsePlanPage renders correctly 1`] = `
ShallowWrapper {
  "length": 1,
  Symbol(enzyme.__root__): [Circular],
  Symbol(enzyme.__unrendered__): <RangeUsePlanPage
    rangeUsePlans={Array []}
    searchRangeUsePlans={[Function]}
/>,
  Symbol(enzyme.__renderer__): Object {
    "batchedUpdates": [Function],
    "getNode": [Function],
    "render": [Function],
    "simulateEvent": [Function],
    "unmount": [Function],
  },
  Symbol(enzyme.__node__): Object {
    "instance": null,
    "key": undefined,
    "nodeType": "host",
    "props": Object {
      "children": Array [
        <div
          className="range-use-plan-page__header"
>
          Range Use Plans
</div>,
        <div
          className="range-use-plan-page__search"
>
          <RangeUsePlanSearch
                    handleSearchInput={[Function]}
                    label="Search Plans:"
                    placeholder="Enter Search Terms..."
          />
</div>,
        <RangeUsePlanList
          rangeUsePlans={Array []}
/>,
      ],
      "className": "range-use-plan-page",
    },
    "ref": null,
    "rendered": Array [
      Object {
        "instance": null,
        "key": undefined,
        "nodeType": "host",
        "props": Object {
          "children": "Range Use Plans",
          "className": "range-use-plan-page__header",
        },
        "ref": null,
        "rendered": "Range Use Plans",
        "type": "div",
      },
      Object {
        "instance": null,
        "key": undefined,
        "nodeType": "host",
        "props": Object {
          "children": <RangeUsePlanSearch
            handleSearchInput={[Function]}
            label="Search Plans:"
            placeholder="Enter Search Terms..."
/>,
          "className": "range-use-plan-page__search",
        },
        "ref": null,
        "rendered": Object {
          "instance": null,
          "key": undefined,
          "nodeType": "class",
          "props": Object {
            "handleSearchInput": [Function],
            "label": "Search Plans:",
            "placeholder": "Enter Search Terms...",
          },
          "ref": null,
          "rendered": null,
          "type": [Function],
        },
        "type": "div",
      },
      Object {
        "instance": null,
        "key": undefined,
        "nodeType": "class",
        "props": Object {
          "rangeUsePlans": Array [],
        },
        "ref": null,
        "rendered": null,
        "type": [Function],
      },
    ],
    "type": "div",
  },
  Symbol(enzyme.__nodes__): Array [
    Object {
      "instance": null,
      "key": undefined,
      "nodeType": "host",
      "props": Object {
        "children": Array [
          <div
            className="range-use-plan-page__header"
>
            Range Use Plans
</div>,
          <div
            className="range-use-plan-page__search"
>
            <RangeUsePlanSearch
                        handleSearchInput={[Function]}
                        label="Search Plans:"
                        placeholder="Enter Search Terms..."
            />
</div>,
          <RangeUsePlanList
            rangeUsePlans={Array []}
/>,
        ],
        "className": "range-use-plan-page",
      },
      "ref": null,
      "rendered": Array [
        Object {
          "instance": null,
          "key": undefined,
          "nodeType": "host",
          "props": Object {
            "children": "Range Use Plans",
            "className": "range-use-plan-page__header",
          },
          "ref": null,
          "rendered": "Range Use Plans",
          "type": "div",
        },
        Object {
          "instance": null,
          "key": undefined,
          "nodeType": "host",
          "props": Object {
            "children": <RangeUsePlanSearch
              handleSearchInput={[Function]}
              label="Search Plans:"
              placeholder="Enter Search Terms..."
/>,
            "className": "range-use-plan-page__search",
          },
          "ref": null,
          "rendered": Object {
            "instance": null,
            "key": undefined,
            "nodeType": "class",
            "props": Object {
              "handleSearchInput": [Function],
              "label": "Search Plans:",
              "placeholder": "Enter Search Terms...",
            },
            "ref": null,
            "rendered": null,
            "type": [Function],
          },
          "type": "div",
        },
        Object {
          "instance": null,
          "key": undefined,
          "nodeType": "class",
          "props": Object {
            "rangeUsePlans": Array [],
          },
          "ref": null,
          "rendered": null,
          "type": [Function],
        },
      ],
      "type": "div",
    },
  ],
  Symbol(enzyme.__options__): Object {
    "adapter": ReactSixteenAdapter {
      "options": Object {
        "enableComponentDidUpdateOnSetState": true,
      },
    },
  },
}
`;
