// Jest Snapshot v1, https://goo.gl/fbAQLP

exports[`Login renders correctly 1`] = `
ShallowWrapper {
  "length": 1,
  Symbol(enzyme.__root__): [Circular],
  Symbol(enzyme.__unrendered__): <Login
    login={[Function]}
    loginState={Object {}}
    user={
        Object {
            "id": "id",
          }
    }
/>,
  Symbol(enzyme.__renderer__): Object {
    "batchedUpdates": [Function],
    "getNode": [Function],
    "render": [Function],
    "simulateEvent": [Function],
    "unmount": [Function],
  },
  Symbol(enzyme.__node__): Object {
    "instance": null,
    "key": undefined,
    "nodeType": "host",
    "props": Object {
      "children": Array [
        <img
          alt="gov-img"
          className="login__image"
          src="https://avatars3.githubusercontent.com/u/916280?s=200&v=4"
/>,
        <div
          className="login__title"
>
          My Range Application
</div>,
        <div
          className="login__header"
>
          Login
</div>,
        <Form
          as="form"
          loading={false}
>
          <div
                    className="login__form"
          >
                    <FormField>
                              <label>
                                        Username
                              </label>
                              <input
                                        id="username"
                                        onChange={[Function]}
                                        placeholder="Enter Username"
                                        type="text"
                                        value=""
                              />
                    </FormField>
          </div>
          <div
                    className="login__form"
          >
                    <FormField>
                              <label>
                                        Password
                              </label>
                              <input
                                        id="password"
                                        onChange={[Function]}
                                        onKeyPress={undefined}
                                        placeholder="Enter Password"
                                        type="password"
                                        value=""
                              />
                    </FormField>
          </div>
          <div
                    className="login__button"
          >
                    <Button
                              as="button"
                              fluid={true}
                              onClick={[Function]}
                              primary={true}
                    >
                              Login
                    </Button>
          </div>
</Form>,
        <a
          className="login__change-link"
          href="https://summer.gov.bc.ca"
          rel="noopener noreferrer"
          target="_blank"
>
          Is your password expired?
</a>,
      ],
      "className": "login",
    },
    "ref": null,
    "rendered": Array [
      Object {
        "instance": null,
        "key": undefined,
        "nodeType": "host",
        "props": Object {
          "alt": "gov-img",
          "className": "login__image",
          "src": "https://avatars3.githubusercontent.com/u/916280?s=200&v=4",
        },
        "ref": null,
        "rendered": null,
        "type": "img",
      },
      Object {
        "instance": null,
        "key": undefined,
        "nodeType": "host",
        "props": Object {
          "children": "My Range Application",
          "className": "login__title",
        },
        "ref": null,
        "rendered": "My Range Application",
        "type": "div",
      },
      Object {
        "instance": null,
        "key": undefined,
        "nodeType": "host",
        "props": Object {
          "children": "Login",
          "className": "login__header",
        },
        "ref": null,
        "rendered": "Login",
        "type": "div",
      },
      Object {
        "instance": null,
        "key": undefined,
        "nodeType": "class",
        "props": Object {
          "as": "form",
          "children": Array [
            <div
              className="login__form"
>
              <FormField>
                            <label>
                                          Username
                            </label>
                            <input
                                          id="username"
                                          onChange={[Function]}
                                          placeholder="Enter Username"
                                          type="text"
                                          value=""
                            />
              </FormField>
</div>,
            <div
              className="login__form"
>
              <FormField>
                            <label>
                                          Password
                            </label>
                            <input
                                          id="password"
                                          onChange={[Function]}
                                          onKeyPress={undefined}
                                          placeholder="Enter Password"
                                          type="password"
                                          value=""
                            />
              </FormField>
</div>,
            <div
              className="login__button"
>
              <Button
                            as="button"
                            fluid={true}
                            onClick={[Function]}
                            primary={true}
              >
                            Login
              </Button>
</div>,
          ],
          "loading": false,
        },
        "ref": null,
        "rendered": Array [
          Object {
            "instance": null,
            "key": undefined,
            "nodeType": "host",
            "props": Object {
              "children": <FormField>
                <label>
                                Username
                </label>
                <input
                                id="username"
                                onChange={[Function]}
                                placeholder="Enter Username"
                                type="text"
                                value=""
                />
</FormField>,
              "className": "login__form",
            },
            "ref": null,
            "rendered": Object {
              "instance": null,
              "key": undefined,
              "nodeType": "function",
              "props": Object {
                "children": Array [
                  <label>
                    Username
</label>,
                  <input
                    id="username"
                    onChange={[Function]}
                    placeholder="Enter Username"
                    type="text"
                    value=""
/>,
                ],
              },
              "ref": null,
              "rendered": Array [
                Object {
                  "instance": null,
                  "key": undefined,
                  "nodeType": "host",
                  "props": Object {
                    "children": "Username",
                  },
                  "ref": null,
                  "rendered": "Username",
                  "type": "label",
                },
                Object {
                  "instance": null,
                  "key": undefined,
                  "nodeType": "host",
                  "props": Object {
                    "id": "username",
                    "onChange": [Function],
                    "placeholder": "Enter Username",
                    "type": "text",
                    "value": "",
                  },
                  "ref": null,
                  "rendered": null,
                  "type": "input",
                },
              ],
              "type": [Function],
            },
            "type": "div",
          },
          Object {
            "instance": null,
            "key": undefined,
            "nodeType": "host",
            "props": Object {
              "children": <FormField>
                <label>
                                Password
                </label>
                <input
                                id="password"
                                onChange={[Function]}
                                onKeyPress={undefined}
                                placeholder="Enter Password"
                                type="password"
                                value=""
                />
</FormField>,
              "className": "login__form",
            },
            "ref": null,
            "rendered": Object {
              "instance": null,
              "key": undefined,
              "nodeType": "function",
              "props": Object {
                "children": Array [
                  <label>
                    Password
</label>,
                  <input
                    id="password"
                    onChange={[Function]}
                    onKeyPress={undefined}
                    placeholder="Enter Password"
                    type="password"
                    value=""
/>,
                ],
              },
              "ref": null,
              "rendered": Array [
                Object {
                  "instance": null,
                  "key": undefined,
                  "nodeType": "host",
                  "props": Object {
                    "children": "Password",
                  },
                  "ref": null,
                  "rendered": "Password",
                  "type": "label",
                },
                Object {
                  "instance": null,
                  "key": undefined,
                  "nodeType": "host",
                  "props": Object {
                    "id": "password",
                    "onChange": [Function],
                    "onKeyPress": undefined,
                    "placeholder": "Enter Password",
                    "type": "password",
                    "value": "",
                  },
                  "ref": null,
                  "rendered": null,
                  "type": "input",
                },
              ],
              "type": [Function],
            },
            "type": "div",
          },
          Object {
            "instance": null,
            "key": undefined,
            "nodeType": "host",
            "props": Object {
              "children": <Button
                as="button"
                fluid={true}
                onClick={[Function]}
                primary={true}
>
                Login
</Button>,
              "className": "login__button",
            },
            "ref": null,
            "rendered": Object {
              "instance": null,
              "key": undefined,
              "nodeType": "class",
              "props": Object {
                "as": "button",
                "children": "Login",
                "fluid": true,
                "onClick": [Function],
                "primary": true,
              },
              "ref": null,
              "rendered": "Login",
              "type": [Function],
            },
            "type": "div",
          },
        ],
        "type": [Function],
      },
      Object {
        "instance": null,
        "key": undefined,
        "nodeType": "host",
        "props": Object {
          "children": "Is your password expired?",
          "className": "login__change-link",
          "href": "https://summer.gov.bc.ca",
          "rel": "noopener noreferrer",
          "target": "_blank",
        },
        "ref": null,
        "rendered": "Is your password expired?",
        "type": "a",
      },
    ],
    "type": "div",
  },
  Symbol(enzyme.__nodes__): Array [
    Object {
      "instance": null,
      "key": undefined,
      "nodeType": "host",
      "props": Object {
        "children": Array [
          <img
            alt="gov-img"
            className="login__image"
            src="https://avatars3.githubusercontent.com/u/916280?s=200&v=4"
/>,
          <div
            className="login__title"
>
            My Range Application
</div>,
          <div
            className="login__header"
>
            Login
</div>,
          <Form
            as="form"
            loading={false}
>
            <div
                        className="login__form"
            >
                        <FormField>
                                    <label>
                                                Username
                                    </label>
                                    <input
                                                id="username"
                                                onChange={[Function]}
                                                placeholder="Enter Username"
                                                type="text"
                                                value=""
                                    />
                        </FormField>
            </div>
            <div
                        className="login__form"
            >
                        <FormField>
                                    <label>
                                                Password
                                    </label>
                                    <input
                                                id="password"
                                                onChange={[Function]}
                                                onKeyPress={undefined}
                                                placeholder="Enter Password"
                                                type="password"
                                                value=""
                                    />
                        </FormField>
            </div>
            <div
                        className="login__button"
            >
                        <Button
                                    as="button"
                                    fluid={true}
                                    onClick={[Function]}
                                    primary={true}
                        >
                                    Login
                        </Button>
            </div>
</Form>,
          <a
            className="login__change-link"
            href="https://summer.gov.bc.ca"
            rel="noopener noreferrer"
            target="_blank"
>
            Is your password expired?
</a>,
        ],
        "className": "login",
      },
      "ref": null,
      "rendered": Array [
        Object {
          "instance": null,
          "key": undefined,
          "nodeType": "host",
          "props": Object {
            "alt": "gov-img",
            "className": "login__image",
            "src": "https://avatars3.githubusercontent.com/u/916280?s=200&v=4",
          },
          "ref": null,
          "rendered": null,
          "type": "img",
        },
        Object {
          "instance": null,
          "key": undefined,
          "nodeType": "host",
          "props": Object {
            "children": "My Range Application",
            "className": "login__title",
          },
          "ref": null,
          "rendered": "My Range Application",
          "type": "div",
        },
        Object {
          "instance": null,
          "key": undefined,
          "nodeType": "host",
          "props": Object {
            "children": "Login",
            "className": "login__header",
          },
          "ref": null,
          "rendered": "Login",
          "type": "div",
        },
        Object {
          "instance": null,
          "key": undefined,
          "nodeType": "class",
          "props": Object {
            "as": "form",
            "children": Array [
              <div
                className="login__form"
>
                <FormField>
                                <label>
                                                Username
                                </label>
                                <input
                                                id="username"
                                                onChange={[Function]}
                                                placeholder="Enter Username"
                                                type="text"
                                                value=""
                                />
                </FormField>
</div>,
              <div
                className="login__form"
>
                <FormField>
                                <label>
                                                Password
                                </label>
                                <input
                                                id="password"
                                                onChange={[Function]}
                                                onKeyPress={undefined}
                                                placeholder="Enter Password"
                                                type="password"
                                                value=""
                                />
                </FormField>
</div>,
              <div
                className="login__button"
>
                <Button
                                as="button"
                                fluid={true}
                                onClick={[Function]}
                                primary={true}
                >
                                Login
                </Button>
</div>,
            ],
            "loading": false,
          },
          "ref": null,
          "rendered": Array [
            Object {
              "instance": null,
              "key": undefined,
              "nodeType": "host",
              "props": Object {
                "children": <FormField>
                  <label>
                                    Username
                  </label>
                  <input
                                    id="username"
                                    onChange={[Function]}
                                    placeholder="Enter Username"
                                    type="text"
                                    value=""
                  />
</FormField>,
                "className": "login__form",
              },
              "ref": null,
              "rendered": Object {
                "instance": null,
                "key": undefined,
                "nodeType": "function",
                "props": Object {
                  "children": Array [
                    <label>
                      Username
</label>,
                    <input
                      id="username"
                      onChange={[Function]}
                      placeholder="Enter Username"
                      type="text"
                      value=""
/>,
                  ],
                },
                "ref": null,
                "rendered": Array [
                  Object {
                    "instance": null,
                    "key": undefined,
                    "nodeType": "host",
                    "props": Object {
                      "children": "Username",
                    },
                    "ref": null,
                    "rendered": "Username",
                    "type": "label",
                  },
                  Object {
                    "instance": null,
                    "key": undefined,
                    "nodeType": "host",
                    "props": Object {
                      "id": "username",
                      "onChange": [Function],
                      "placeholder": "Enter Username",
                      "type": "text",
                      "value": "",
                    },
                    "ref": null,
                    "rendered": null,
                    "type": "input",
                  },
                ],
                "type": [Function],
              },
              "type": "div",
            },
            Object {
              "instance": null,
              "key": undefined,
              "nodeType": "host",
              "props": Object {
                "children": <FormField>
                  <label>
                                    Password
                  </label>
                  <input
                                    id="password"
                                    onChange={[Function]}
                                    onKeyPress={undefined}
                                    placeholder="Enter Password"
                                    type="password"
                                    value=""
                  />
</FormField>,
                "className": "login__form",
              },
              "ref": null,
              "rendered": Object {
                "instance": null,
                "key": undefined,
                "nodeType": "function",
                "props": Object {
                  "children": Array [
                    <label>
                      Password
</label>,
                    <input
                      id="password"
                      onChange={[Function]}
                      onKeyPress={undefined}
                      placeholder="Enter Password"
                      type="password"
                      value=""
/>,
                  ],
                },
                "ref": null,
                "rendered": Array [
                  Object {
                    "instance": null,
                    "key": undefined,
                    "nodeType": "host",
                    "props": Object {
                      "children": "Password",
                    },
                    "ref": null,
                    "rendered": "Password",
                    "type": "label",
                  },
                  Object {
                    "instance": null,
                    "key": undefined,
                    "nodeType": "host",
                    "props": Object {
                      "id": "password",
                      "onChange": [Function],
                      "onKeyPress": undefined,
                      "placeholder": "Enter Password",
                      "type": "password",
                      "value": "",
                    },
                    "ref": null,
                    "rendered": null,
                    "type": "input",
                  },
                ],
                "type": [Function],
              },
              "type": "div",
            },
            Object {
              "instance": null,
              "key": undefined,
              "nodeType": "host",
              "props": Object {
                "children": <Button
                  as="button"
                  fluid={true}
                  onClick={[Function]}
                  primary={true}
>
                  Login
</Button>,
                "className": "login__button",
              },
              "ref": null,
              "rendered": Object {
                "instance": null,
                "key": undefined,
                "nodeType": "class",
                "props": Object {
                  "as": "button",
                  "children": "Login",
                  "fluid": true,
                  "onClick": [Function],
                  "primary": true,
                },
                "ref": null,
                "rendered": "Login",
                "type": [Function],
              },
              "type": "div",
            },
          ],
          "type": [Function],
        },
        Object {
          "instance": null,
          "key": undefined,
          "nodeType": "host",
          "props": Object {
            "children": "Is your password expired?",
            "className": "login__change-link",
            "href": "https://summer.gov.bc.ca",
            "rel": "noopener noreferrer",
            "target": "_blank",
          },
          "ref": null,
          "rendered": "Is your password expired?",
          "type": "a",
        },
      ],
      "type": "div",
    },
  ],
  Symbol(enzyme.__options__): Object {
    "adapter": ReactSixteenAdapter {
      "options": Object {
        "enableComponentDidUpdateOnSetState": true,
      },
    },
  },
}
`;
